MPLINK 4.49, Linker
Linker Map File - Created Thu Nov 01 19:19:50 2018

                                 Section Info
                  Section       Type    Address   Location Size(Bytes)
                ---------  ---------  ---------  ---------  ---------
                   .org_0       code   0x000000    program   0x000000
                   .org_1       code   0x000000    program   0x000076
.config_2007_UYGULAMA-34.O       code   0x002007    program   0x000002



                              Program Memory Usage 
                               Start         End      
                           ---------   ---------      
                            0x000000    0x00003a      
                            0x002007    0x002007      
            60 out of 8454 program addresses used, program memory utilization is 0%



                              Symbols - Sorted by Name
                     Name    Address   Location    Storage File                     
                ---------  ---------  ---------  --------- ---------                
                ANA_METOT   0x000001    program     static D:\mikroislemciler\2018GuzDonemi\34.uygulama\uygulama-34.asm
                  GECIKME   0x000032    program     static D:\mikroislemciler\2018GuzDonemi\34.uygulama\uygulama-34.asm
                  KONTROL   0x000009    program     static D:\mikroislemciler\2018GuzDonemi\34.uygulama\uygulama-34.asm
                 TEKRAR_1   0x000034    program     static D:\mikroislemciler\2018GuzDonemi\34.uygulama\uygulama-34.asm
                 TEKRAR_2   0x000036    program     static D:\mikroislemciler\2018GuzDonemi\34.uygulama\uygulama-34.asm



                              Symbols - Sorted by Address
                     Name    Address   Location    Storage File                     
                ---------  ---------  ---------  --------- ---------                
                ANA_METOT   0x000001    program     static D:\mikroislemciler\2018GuzDonemi\34.uygulama\uygulama-34.asm
                  KONTROL   0x000009    program     static D:\mikroislemciler\2018GuzDonemi\34.uygulama\uygulama-34.asm
                  GECIKME   0x000032    program     static D:\mikroislemciler\2018GuzDonemi\34.uygulama\uygulama-34.asm
                 TEKRAR_1   0x000034    program     static D:\mikroislemciler\2018GuzDonemi\34.uygulama\uygulama-34.asm
                 TEKRAR_2   0x000036    program     static D:\mikroislemciler\2018GuzDonemi\34.uygulama\uygulama-34.asm


